This file contains any messages produced by compilers while
running configure, to aid debugging if configure makes a mistake.

It was created by ejabberd configure 26.01, which was
generated by GNU Autoconf 2.72.  Invocation command line was

  $ ./configure --with-rebar=mix

## --------- ##
## Platform. ##
## --------- ##

hostname = bbb1c0ff39fd
uname -m = x86_64
uname -r = 6.8.0-106-generic
uname -s = Linux
uname -v = #106~22.04.1-Ubuntu SMP PREEMPT_DYNAMIC Fri Mar  6 08:44:59 UTC 

/usr/bin/uname -p = unknown
/bin/uname -X     = unknown

/bin/arch              = x86_64
/usr/bin/arch -k       = unknown
/usr/convex/getsysinfo = unknown
/usr/bin/hostinfo      = unknown
/bin/machine           = unknown
/usr/bin/oslevel       = unknown
/bin/universe          = unknown

PATH: /usr/local/sbin/
PATH: /usr/local/bin/
PATH: /usr/sbin/
PATH: /usr/bin/
PATH: /sbin/
PATH: /bin/


## ----------- ##
## Core tests. ##
## ----------- ##

configure:2187: looking for aux files: install-sh
configure:2200:  trying ./
configure:2211:   ./install-sh found
configure:2363: checking whether make sets $(MAKE)
configure:2387: result: yes
configure:2400: checking for gawk
configure:2436: result: no
configure:2400: checking for mawk
configure:2436: result: no
configure:2400: checking for nawk
configure:2436: result: no
configure:2400: checking for awk
configure:2421: found /usr/bin/awk
configure:2433: result: awk
configure:2460: checking for a BSD-compatible install
configure:2534: result: /usr/bin/install -c
configure:2546: checking for a race-free mkdir -p
configure:2589: result: /bin/mkdir -p
configure:2592: checking for a sed that does not truncate output
configure:2664: result: /bin/sed
configure:2756: checking for erl
configure:2779: found /usr/local/bin/erl
configure:2792: result: /usr/local/bin/erl
configure:2866: checking for erlc
configure:2889: found /usr/local/bin/erlc
configure:2902: result: /usr/local/bin/erlc
configure:2976: checking for epmd
configure:2999: found /usr/local/bin/epmd
configure:3012: result: /usr/local/bin/epmd
configure:3087: checking for rebar
configure:3126: result: no
configure:3197: checking for rebar3
configure:3220: found /usr/local/bin/rebar3
configure:3233: result: /usr/local/bin/rebar3
configure:3307: checking for elixir
configure:3330: found /usr/local/bin/elixir
configure:3343: result: /usr/local/bin/elixir
configure:3417: checking for iex
configure:3440: found /usr/local/bin/iex
configure:3453: result: /usr/local/bin/iex
configure:3527: checking for mix
configure:3550: found /usr/local/bin/mix
configure:3563: result: /usr/local/bin/mix
configure:3656: checking for erl
configure:3692: result: /usr/local/bin/erl
configure:3771: checking for erlc
configure:3807: result: /usr/local/bin/erlc
configure:3836: checking for Erlang/OTP root directory
configure:3848: result: /usr/local/lib/erlang
configure:3858: checking for escript
configure:3881: found /usr/local/lib/erlang/bin/escript
configure:3894: result: /usr/local/lib/erlang/bin/escript
configure:3906: checking for make
configure:3927: found /usr/bin/make
configure:3939: result: make
configure:4009: checking Erlang/OTP version
configure:4089: result: ok
configure:5654: result: build tool to use (change using --with-rebar): mix
configure:5829: creating ./config.status

## ---------------------- ##
## Running config.status. ##
## ---------------------- ##

This file was extended by ejabberd config.status 26.01, which was
generated by GNU Autoconf 2.72.  Invocation command line was

  CONFIG_FILES    = 
  CONFIG_HEADERS  = 
  CONFIG_LINKS    = 
  CONFIG_COMMANDS = 
  $ ./config.status 

on bbb1c0ff39fd

config.status:764: creating Makefile
config.status:764: creating vars.config

## ---------------- ##
## Cache variables. ##
## ---------------- ##

ac_cv_env_CC_set=''
ac_cv_env_CC_value=''
ac_cv_env_CFLAGS_set=''
ac_cv_env_CFLAGS_value=''
ac_cv_env_CPPFLAGS_set=''
ac_cv_env_CPPFLAGS_value=''
ac_cv_env_ERLCFLAGS_set=''
ac_cv_env_ERLCFLAGS_value=''
ac_cv_env_ERLC_set=''
ac_cv_env_ERLC_value=''
ac_cv_env_ERL_set=''
ac_cv_env_ERL_value=''
ac_cv_env_LDFLAGS_set=''
ac_cv_env_LDFLAGS_value=''
ac_cv_env_LIBS_set=''
ac_cv_env_LIBS_value=''
ac_cv_env_build_alias_set=''
ac_cv_env_build_alias_value=''
ac_cv_env_host_alias_set=''
ac_cv_env_host_alias_value=''
ac_cv_env_target_alias_set=''
ac_cv_env_target_alias_value=''
ac_cv_erlang_root_dir='/usr/local/lib/erlang'
ac_cv_path_ESCRIPT='/usr/local/lib/erlang/bin/escript'
ac_cv_path_SED='/bin/sed'
ac_cv_path_ac_pt_ELIXIR='/usr/local/bin/elixir'
ac_cv_path_ac_pt_EPMD='/usr/local/bin/epmd'
ac_cv_path_ac_pt_ERL='/usr/local/bin/erl'
ac_cv_path_ac_pt_ERLC='/usr/local/bin/erlc'
ac_cv_path_ac_pt_IEX='/usr/local/bin/iex'
ac_cv_path_ac_pt_MIX='/usr/local/bin/mix'
ac_cv_path_ac_pt_REBAR3='/usr/local/bin/rebar3'
ac_cv_path_install='/usr/bin/install -c'
ac_cv_path_mkdir='/bin/mkdir'
ac_cv_prog_AWK='awk'
ac_cv_prog_MAKE='make'
ac_cv_prog_make_make_set='yes'

## ----------------- ##
## Output variables. ##
## ----------------- ##

AWK='awk'
CC=''
CFLAGS=''
CPPFLAGS=''
DEFS='-DPACKAGE_NAME=\"ejabberd\" -DPACKAGE_TARNAME=\"ejabberd\" -DPACKAGE_VERSION=\"26.01\" -DPACKAGE_STRING=\"ejabberd\ 26.01\" -DPACKAGE_BUGREPORT=\"ejabberd@process-one.net\" -DPACKAGE_URL=\"\"'
ECHO_C=''
ECHO_N='-n'
ECHO_T=''
ELIXIR='/usr/local/bin/elixir'
EPMD='/usr/local/bin/epmd'
ERL='/usr/local/bin/erl'
ERLANG_ROOT_DIR='/usr/local/lib/erlang'
ERLC='/usr/local/bin/erlc'
ERLCFLAGS=''
ESCRIPT='/usr/local/lib/erlang/bin/escript'
EXEEXT=''
IEX='/usr/local/bin/iex'
INSTALLGROUP=''
INSTALLUSER=''
INSTALL_DATA='${INSTALL} -m 644'
INSTALL_PROGRAM='${INSTALL}'
INSTALL_SCRIPT='${INSTALL}'
LDFLAGS=''
LIBOBJS=''
LIBS=''
LTLIBOBJS=''
MAKE='make'
MIX='/usr/local/bin/mix'
MKDIR_P='/bin/mkdir -p'
OBJEXT=''
PACKAGE_BUGREPORT='ejabberd@process-one.net'
PACKAGE_NAME='ejabberd'
PACKAGE_STRING='ejabberd 26.01'
PACKAGE_TARNAME='ejabberd'
PACKAGE_URL=''
PACKAGE_VERSION='26.01'
PATH_SEPARATOR=':'
REBAR3='/usr/local/bin/rebar3'
REBAR=''
SED='/bin/sed'
SET_MAKE=''
SHELL='/bin/sh'
SQLITE3_CFLAGS=''
SQLITE3_LDFLAGS=''
SQLITE3_VERSION=''
ac_ct_CC=''
bindir='${exec_prefix}/bin'
build_alias=''
datadir='${datarootdir}'
datarootdir='${prefix}/share'
debug='true'
docdir='${datarootdir}/doc/${PACKAGE_TARNAME}'
dvidir='${docdir}'
elixir='false'
exec_prefix='${prefix}'
full_xml='false'
host_alias=''
htmldir='${docdir}'
includedir='${prefix}/include'
infodir='${datarootdir}/info'
latest_deps='false'
libdir='${exec_prefix}/lib'
libexecdir='${exec_prefix}/libexec'
localedir='${datarootdir}/locale'
localstatedir='${prefix}/var'
lua='false'
mandir='${datarootdir}/man'
mssql='false'
multihost_sql_schema='false'
mysql='false'
odbc='false'
oldincludedir='/usr/include'
pam='false'
pdfdir='${docdir}'
pgsql='false'
prefix='/usr/local'
program_transform_name='s,x,x,'
psdir='${docdir}'
rebar='mix'
redis='false'
roster_gateway_workaround='false'
runstatedir='${localstatedir}/run'
sbindir='${exec_prefix}/sbin'
sharedstatedir='${prefix}/com'
sip='false'
sqlite='false'
stun='true'
sysconfdir='${prefix}/etc'
system_deps='false'
target_alias=''
tools='false'
zlib='true'

## ----------- ##
## confdefs.h. ##
## ----------- ##

/* confdefs.h */
#define PACKAGE_NAME "ejabberd"
#define PACKAGE_TARNAME "ejabberd"
#define PACKAGE_VERSION "26.01"
#define PACKAGE_STRING "ejabberd 26.01"
#define PACKAGE_BUGREPORT "ejabberd@process-one.net"
#define PACKAGE_URL ""

configure: exit 0
