failed to compile "xmpp_codec.spec": {'EXIT',
                                      {undef,
                                       [{erl_types,t_binary,[],[]},
                                        {fxml_gen,prepare_default,4,
                                         [{file,
                                           "deps/fast_xml/src/fxml_gen.erl"},
                                          {line,3792}]},
                                        {fxml_gen,prepare_cdata,5,
                                         [{file,
                                           "deps/fast_xml/src/fxml_gen.erl"},
                                          {line,3836}]},
                                        {fxml_gen,prepare_elem,6,
                                         [{file,
                                           "deps/fast_xml/src/fxml_gen.erl"},
                                          {line,3754}]},
                                        {fxml_gen,'-compile/4-fun-4-',6,
                                         [{file,
                                           "deps/fast_xml/src/fxml_gen.erl"},
                                          {line,339}]},
                                        {lists,map,2,
                                         [{file,"lists.erl"},{line,1243}]},
                                        {fxml_gen,compile,4,
                                         [{file,
                                           "deps/fast_xml/src/fxml_gen.erl"},
                                          {line,337}]},
                                        {fxml_gen,compile,2,
                                         [{file,
                                           "deps/fast_xml/src/fxml_gen.erl"},
                                          {line,59}]}]}}
