This file contains any messages produced by compilers while
running configure, to aid debugging if configure makes a mistake.

It was created by eimp configure 1.0.0, which was
generated by GNU Autoconf 2.69.  Invocation command line was

  $ ./configure 

## --------- ##
## Platform. ##
## --------- ##

hostname = c66815e87b06
uname -m = x86_64
uname -r = 6.8.0-106-generic
uname -s = Linux
uname -v = #106~22.04.1-Ubuntu SMP PREEMPT_DYNAMIC Fri Mar  6 08:44:59 UTC 

/usr/bin/uname -p = unknown
/bin/uname -X     = unknown

/bin/arch              = x86_64
/usr/bin/arch -k       = unknown
/usr/convex/getsysinfo = unknown
/usr/bin/hostinfo      = unknown
/bin/machine           = unknown
/usr/bin/oslevel       = unknown
/bin/universe          = unknown

PATH: /usr/local/sbin
PATH: /usr/local/bin
PATH: /usr/sbin
PATH: /usr/bin
PATH: /sbin
PATH: /bin


## ----------- ##
## Core tests. ##
## ----------- ##

configure:2083: checking for gcc
configure:2099: found /usr/bin/gcc
configure:2110: result: gcc
configure:2339: checking for C compiler version
configure:2348: gcc --version >&5
gcc (Alpine 15.2.0) 15.2.0
Copyright (C) 2025 Free Software Foundation, Inc.
This is free software; see the source for copying conditions.  There is NO
warranty; not even for MERCHANTABILITY or FITNESS FOR A PARTICULAR PURPOSE.

configure:2359: $? = 0
configure:2348: gcc -v >&5
Using built-in specs.
COLLECT_GCC=gcc
COLLECT_LTO_WRAPPER=/usr/libexec/gcc/x86_64-alpine-linux-musl/15.2.0/lto-wrapper
Target: x86_64-alpine-linux-musl
Configured with: /home/buildozer/aports/main/gcc/src/gcc-15.2.0/configure --prefix=/usr --mandir=/usr/share/man --infodir=/usr/share/info --build=x86_64-alpine-linux-musl --host=x86_64-alpine-linux-musl --target=x86_64-alpine-linux-musl --enable-checking=release --disable-cet --disable-fixed-point --disable-libstdcxx-pch --disable-multilib --disable-nls --disable-werror --disable-symvers --enable-__cxa_atexit --enable-default-pie --enable-default-ssp --enable-languages=c,c++,d,objc,go,fortran,ada --enable-link-serialization=2 --enable-linker-build-id --disable-libssp --enable-libsanitizer --enable-shared --enable-threads --enable-tls --with-bugurl=https://gitlab.alpinelinux.org/alpine/aports/-/issues --with-system-zlib --with-linker-hash-style=gnu --with-pkgversion='Alpine 15.2.0'
Thread model: posix
Supported LTO compression algorithms: zlib
gcc version 15.2.0 (Alpine 15.2.0) 
configure:2359: $? = 0
configure:2348: gcc -V >&5
gcc: error: unrecognized command-line option '-V'
gcc: fatal error: no input files
compilation terminated.
configure:2359: $? = 1
configure:2348: gcc -qversion >&5
gcc: error: unrecognized command-line option '-qversion'; did you mean '--version'?
gcc: fatal error: no input files
compilation terminated.
configure:2359: $? = 1
configure:2379: checking whether the C compiler works
configure:2401: gcc    conftest.c  >&5
configure:2405: $? = 0
configure:2453: result: yes
configure:2456: checking for C compiler default output file name
configure:2458: result: a.out
configure:2464: checking for suffix of executables
configure:2471: gcc -o conftest    conftest.c  >&5
configure:2475: $? = 0
configure:2497: result: 
configure:2519: checking whether we are cross compiling
configure:2527: gcc -o conftest    conftest.c  >&5
configure:2531: $? = 0
configure:2538: ./conftest
configure:2542: $? = 0
configure:2557: result: no
configure:2562: checking for suffix of object files
configure:2584: gcc -c   conftest.c >&5
configure:2588: $? = 0
configure:2609: result: o
configure:2613: checking whether we are using the GNU C compiler
configure:2632: gcc -c   conftest.c >&5
configure:2632: $? = 0
configure:2641: result: yes
configure:2650: checking whether gcc accepts -g
configure:2670: gcc -c -g  conftest.c >&5
configure:2670: $? = 0
configure:2711: result: yes
configure:2728: checking for gcc option to accept ISO C89
configure:2791: gcc  -c -g -O2  conftest.c >&5
conftest.c: In function 'e':
conftest.c:15:14: warning: old-style function definition [-Wold-style-definition]
   15 | static char *e (p, i)
      |              ^
configure:2791: $? = 0
configure:2804: result: none needed
configure:2824: checking whether make sets $(MAKE)
configure:2846: result: yes
configure:2862: checking for an ANSI C-conforming const
configure:2928: gcc -c -g -O2 -Wall  conftest.c >&5
configure:2928: $? = 0
configure:2935: result: yes
configure:2950: checking how to run the C preprocessor
configure:2981: gcc -E  conftest.c
configure:2981: $? = 0
configure:2995: gcc -E  conftest.c
conftest.c:9:10: fatal error: ac_nonexistent.h: No such file or directory
    9 | #include <ac_nonexistent.h>
      |          ^~~~~~~~~~~~~~~~~~
compilation terminated.
configure:2995: $? = 1
configure: failed program was:
| /* confdefs.h */
| #define PACKAGE_NAME "eimp"
| #define PACKAGE_TARNAME "eimp"
| #define PACKAGE_VERSION "1.0.0"
| #define PACKAGE_STRING "eimp 1.0.0"
| #define PACKAGE_BUGREPORT ""
| #define PACKAGE_URL ""
| /* end confdefs.h.  */
| #include <ac_nonexistent.h>
configure:3020: result: gcc -E
configure:3040: gcc -E  conftest.c
configure:3040: $? = 0
configure:3054: gcc -E  conftest.c
conftest.c:9:10: fatal error: ac_nonexistent.h: No such file or directory
    9 | #include <ac_nonexistent.h>
      |          ^~~~~~~~~~~~~~~~~~
compilation terminated.
configure:3054: $? = 1
configure: failed program was:
| /* confdefs.h */
| #define PACKAGE_NAME "eimp"
| #define PACKAGE_TARNAME "eimp"
| #define PACKAGE_VERSION "1.0.0"
| #define PACKAGE_STRING "eimp 1.0.0"
| #define PACKAGE_BUGREPORT ""
| #define PACKAGE_URL ""
| /* end confdefs.h.  */
| #include <ac_nonexistent.h>
configure:3083: checking for grep that handles long lines and -e
configure:3141: result: /bin/grep
configure:3146: checking for egrep
configure:3208: result: /bin/grep -E
configure:3213: checking for ANSI C header files
configure:3233: gcc -c -g -O2 -Wall  conftest.c >&5
configure:3233: $? = 0
configure:3306: gcc -o conftest -g -O2 -Wall   conftest.c  >&5
configure:3306: $? = 0
configure:3306: ./conftest
configure:3306: $? = 0
configure:3317: result: yes
configure:3330: checking for sys/types.h
configure:3330: gcc -c -g -O2 -Wall  conftest.c >&5
configure:3330: $? = 0
configure:3330: result: yes
configure:3330: checking for sys/stat.h
configure:3330: gcc -c -g -O2 -Wall  conftest.c >&5
configure:3330: $? = 0
configure:3330: result: yes
configure:3330: checking for stdlib.h
configure:3330: gcc -c -g -O2 -Wall  conftest.c >&5
configure:3330: $? = 0
configure:3330: result: yes
configure:3330: checking for string.h
configure:3330: gcc -c -g -O2 -Wall  conftest.c >&5
configure:3330: $? = 0
configure:3330: result: yes
configure:3330: checking for memory.h
configure:3330: gcc -c -g -O2 -Wall  conftest.c >&5
configure:3330: $? = 0
configure:3330: result: yes
configure:3330: checking for strings.h
configure:3330: gcc -c -g -O2 -Wall  conftest.c >&5
configure:3330: $? = 0
configure:3330: result: yes
configure:3330: checking for inttypes.h
configure:3330: gcc -c -g -O2 -Wall  conftest.c >&5
configure:3330: $? = 0
configure:3330: result: yes
configure:3330: checking for stdint.h
configure:3330: gcc -c -g -O2 -Wall  conftest.c >&5
configure:3330: $? = 0
configure:3330: result: yes
configure:3330: checking for unistd.h
configure:3330: gcc -c -g -O2 -Wall  conftest.c >&5
configure:3330: $? = 0
configure:3330: result: yes
configure:3344: checking for stdlib.h
configure:3344: result: yes
configure:3354: checking for GNU libc compatible malloc
configure:3378: gcc -o conftest -g -O2 -Wall   conftest.c  >&5
configure:3378: $? = 0
configure:3378: ./conftest
configure:3378: $? = 0
configure:3388: result: yes
configure:3409: checking for ANSI C header files
configure:3513: result: yes
configure:3575: checking for erl
configure:3593: found /usr/local/bin/erl
configure:3605: result: /usr/local/bin/erl
configure:3684: checking for erlc
configure:3702: found /usr/local/bin/erlc
configure:3714: result: /usr/local/bin/erlc
configure:3749: checking gd.h usability
configure:3749: gcc -c -g -O2 -Wall  conftest.c >&5
conftest.c:55:10: fatal error: gd.h: No such file or directory
   55 | #include <gd.h>
      |          ^~~~~~
compilation terminated.
configure:3749: $? = 1
configure: failed program was:
| /* confdefs.h */
| #define PACKAGE_NAME "eimp"
| #define PACKAGE_TARNAME "eimp"
| #define PACKAGE_VERSION "1.0.0"
| #define PACKAGE_STRING "eimp 1.0.0"
| #define PACKAGE_BUGREPORT ""
| #define PACKAGE_URL ""
| #define STDC_HEADERS 1
| #define HAVE_SYS_TYPES_H 1
| #define HAVE_SYS_STAT_H 1
| #define HAVE_STDLIB_H 1
| #define HAVE_STRING_H 1
| #define HAVE_MEMORY_H 1
| #define HAVE_STRINGS_H 1
| #define HAVE_INTTYPES_H 1
| #define HAVE_STDINT_H 1
| #define HAVE_UNISTD_H 1
| #define HAVE_STDLIB_H 1
| #define HAVE_MALLOC 1
| #define STDC_HEADERS 1
| /* end confdefs.h.  */
| #include <stdio.h>
| #ifdef HAVE_SYS_TYPES_H
| # include <sys/types.h>
| #endif
| #ifdef HAVE_SYS_STAT_H
| # include <sys/stat.h>
| #endif
| #ifdef STDC_HEADERS
| # include <stdlib.h>
| # include <stddef.h>
| #else
| # ifdef HAVE_STDLIB_H
| #  include <stdlib.h>
| # endif
| #endif
| #ifdef HAVE_STRING_H
| # if !defined STDC_HEADERS && defined HAVE_MEMORY_H
| #  include <memory.h>
| # endif
| # include <string.h>
| #endif
| #ifdef HAVE_STRINGS_H
| # include <strings.h>
| #endif
| #ifdef HAVE_INTTYPES_H
| # include <inttypes.h>
| #endif
| #ifdef HAVE_STDINT_H
| # include <stdint.h>
| #endif
| #ifdef HAVE_UNISTD_H
| # include <unistd.h>
| #endif
| #include <gd.h>
configure:3749: result: no
configure:3749: checking gd.h presence
configure:3749: gcc -E  conftest.c
conftest.c:22:10: fatal error: gd.h: No such file or directory
   22 | #include <gd.h>
      |          ^~~~~~
compilation terminated.
configure:3749: $? = 1
configure: failed program was:
| /* confdefs.h */
| #define PACKAGE_NAME "eimp"
| #define PACKAGE_TARNAME "eimp"
| #define PACKAGE_VERSION "1.0.0"
| #define PACKAGE_STRING "eimp 1.0.0"
| #define PACKAGE_BUGREPORT ""
| #define PACKAGE_URL ""
| #define STDC_HEADERS 1
| #define HAVE_SYS_TYPES_H 1
| #define HAVE_SYS_STAT_H 1
| #define HAVE_STDLIB_H 1
| #define HAVE_STRING_H 1
| #define HAVE_MEMORY_H 1
| #define HAVE_STRINGS_H 1
| #define HAVE_INTTYPES_H 1
| #define HAVE_STDINT_H 1
| #define HAVE_UNISTD_H 1
| #define HAVE_STDLIB_H 1
| #define HAVE_MALLOC 1
| #define STDC_HEADERS 1
| /* end confdefs.h.  */
| #include <gd.h>
configure:3749: result: no
configure:3749: checking for gd.h
configure:3749: result: no
configure:4224: WARNING: libgd header file gd.h was not found
configure:4402: creating ./config.status

## ---------------------- ##
## Running config.status. ##
## ---------------------- ##

This file was extended by eimp config.status 1.0.0, which was
generated by GNU Autoconf 2.69.  Invocation command line was

  CONFIG_FILES    = 
  CONFIG_HEADERS  = 
  CONFIG_LINKS    = 
  CONFIG_COMMANDS = 
  $ ./config.status 

on c66815e87b06

config.status:732: creating vars.config

## ---------------- ##
## Cache variables. ##
## ---------------- ##

ac_cv_c_compiler_gnu='yes'
ac_cv_c_const='yes'
ac_cv_env_CC_set=''
ac_cv_env_CC_value=''
ac_cv_env_CFLAGS_set=''
ac_cv_env_CFLAGS_value=''
ac_cv_env_CPPFLAGS_set=''
ac_cv_env_CPPFLAGS_value=''
ac_cv_env_CPP_set=''
ac_cv_env_CPP_value=''
ac_cv_env_ERLCFLAGS_set=''
ac_cv_env_ERLCFLAGS_value=''
ac_cv_env_ERLC_set=''
ac_cv_env_ERLC_value=''
ac_cv_env_ERL_set=''
ac_cv_env_ERL_value=''
ac_cv_env_LDFLAGS_set=''
ac_cv_env_LDFLAGS_value=''
ac_cv_env_LIBS_set=''
ac_cv_env_LIBS_value=''
ac_cv_env_build_alias_set=''
ac_cv_env_build_alias_value=''
ac_cv_env_host_alias_set=''
ac_cv_env_host_alias_value=''
ac_cv_env_target_alias_set=''
ac_cv_env_target_alias_value=''
ac_cv_func_malloc_0_nonnull='yes'
ac_cv_header_gd_h='no'
ac_cv_header_inttypes_h='yes'
ac_cv_header_memory_h='yes'
ac_cv_header_stdc='yes'
ac_cv_header_stdint_h='yes'
ac_cv_header_stdlib_h='yes'
ac_cv_header_string_h='yes'
ac_cv_header_strings_h='yes'
ac_cv_header_sys_stat_h='yes'
ac_cv_header_sys_types_h='yes'
ac_cv_header_unistd_h='yes'
ac_cv_objext='o'
ac_cv_path_EGREP='/bin/grep -E'
ac_cv_path_GREP='/bin/grep'
ac_cv_path_ac_pt_ERL='/usr/local/bin/erl'
ac_cv_path_ac_pt_ERLC='/usr/local/bin/erlc'
ac_cv_prog_CPP='gcc -E'
ac_cv_prog_ac_ct_CC='gcc'
ac_cv_prog_cc_c89=''
ac_cv_prog_cc_g='yes'
ac_cv_prog_make_make_set='yes'

## ----------------- ##
## Output variables. ##
## ----------------- ##

CC='gcc'
CFLAGS='-g -O2 -Wall'
CPP='gcc -E'
CPPFLAGS=''
DEFS='-DPACKAGE_NAME=\"eimp\" -DPACKAGE_TARNAME=\"eimp\" -DPACKAGE_VERSION=\"1.0.0\" -DPACKAGE_STRING=\"eimp\ 1.0.0\" -DPACKAGE_BUGREPORT=\"\" -DPACKAGE_URL=\"\" -DSTDC_HEADERS=1 -DHAVE_SYS_TYPES_H=1 -DHAVE_SYS_STAT_H=1 -DHAVE_STDLIB_H=1 -DHAVE_STRING_H=1 -DHAVE_MEMORY_H=1 -DHAVE_STRINGS_H=1 -DHAVE_INTTYPES_H=1 -DHAVE_STDINT_H=1 -DHAVE_UNISTD_H=1 -DHAVE_STDLIB_H=1 -DHAVE_MALLOC=1 -DSTDC_HEADERS=1'
ECHO_C=''
ECHO_N='-n'
ECHO_T=''
EGREP='/bin/grep -E'
ERL='/usr/local/bin/erl'
ERLC='/usr/local/bin/erlc'
ERLCFLAGS=''
EXEEXT=''
GREP='/bin/grep'
LDFLAGS=''
LIBOBJS=''
LIBS=''
LTLIBOBJS=''
OBJEXT='o'
PACKAGE_BUGREPORT=''
PACKAGE_NAME='eimp'
PACKAGE_STRING='eimp 1.0.0'
PACKAGE_TARNAME='eimp'
PACKAGE_URL=''
PACKAGE_VERSION='1.0.0'
PATH_SEPARATOR=':'
SET_MAKE=''
SHELL='/bin/sh'
ac_ct_CC='gcc'
bindir='${exec_prefix}/bin'
build_alias=''
datadir='${datarootdir}'
datarootdir='${prefix}/share'
docdir='${datarootdir}/doc/${PACKAGE_TARNAME}'
dvidir='${docdir}'
exec_prefix='${prefix}'
gcov='false'
gd=''
host_alias=''
htmldir='${docdir}'
includedir='${prefix}/include'
infodir='${datarootdir}/info'
jpeg=''
libdir='${exec_prefix}/lib'
libexecdir='${exec_prefix}/libexec'
localedir='${datarootdir}/locale'
localstatedir='${prefix}/var'
mandir='${datarootdir}/man'
oldincludedir='/usr/include'
pdfdir='${docdir}'
png=''
prefix='/usr/local'
program_transform_name='s,x,x,'
psdir='${docdir}'
sbindir='${exec_prefix}/sbin'
sharedstatedir='${prefix}/com'
sysconfdir='${prefix}/etc'
target_alias=''
webp=''

## ----------- ##
## confdefs.h. ##
## ----------- ##

/* confdefs.h */
#define PACKAGE_NAME "eimp"
#define PACKAGE_TARNAME "eimp"
#define PACKAGE_VERSION "1.0.0"
#define PACKAGE_STRING "eimp 1.0.0"
#define PACKAGE_BUGREPORT ""
#define PACKAGE_URL ""
#define STDC_HEADERS 1
#define HAVE_SYS_TYPES_H 1
#define HAVE_SYS_STAT_H 1
#define HAVE_STDLIB_H 1
#define HAVE_STRING_H 1
#define HAVE_MEMORY_H 1
#define HAVE_STRINGS_H 1
#define HAVE_INTTYPES_H 1
#define HAVE_STDINT_H 1
#define HAVE_UNISTD_H 1
#define HAVE_STDLIB_H 1
#define HAVE_MALLOC 1
#define STDC_HEADERS 1

configure: exit 0
